// Jest Snapshot v1, https://goo.gl/fbAQLP

exports[`Header样式发生改变做提示 1`] = `
<div class="header">
  <div class="header-content">
    TodoList
    <input type="text " data-test="input" placeholder="请输入待完成项" class="header-input">
  </div>
</div>
`;
